Archive member included to satisfy reference by file (symbol)

c:/program files (x86)/atmel/studio/7.0/toolchain/arm/arm-gnu-toolchain/bin/../lib/gcc/arm-none-eabi/6.3.1/thumb/v6-m\libgcc.a(_udivsi3.o)
                              i2c.o (__aeabi_uidivmod)
c:/program files (x86)/atmel/studio/7.0/toolchain/arm/arm-gnu-toolchain/bin/../lib/gcc/arm-none-eabi/6.3.1/thumb/v6-m\libgcc.a(_dvmd_tls.o)
                              c:/program files (x86)/atmel/studio/7.0/toolchain/arm/arm-gnu-toolchain/bin/../lib/gcc/arm-none-eabi/6.3.1/thumb/v6-m\libgcc.a(_udivsi3.o) (__aeabi_idiv0)
c:/program files (x86)/atmel/studio/7.0/toolchain/arm/arm-gnu-toolchain/bin/../lib/gcc/arm-none-eabi/6.3.1/../../../../arm-none-eabi/lib/thumb/v6-m\libc.a(lib_a-bcopy.o)
                              accelerometer.o (bcopy)
c:/program files (x86)/atmel/studio/7.0/toolchain/arm/arm-gnu-toolchain/bin/../lib/gcc/arm-none-eabi/6.3.1/../../../../arm-none-eabi/lib/thumb/v6-m\libc.a(lib_a-exit.o)
                              c:/program files (x86)/atmel/studio/7.0/toolchain/arm/arm-gnu-toolchain/bin/../lib/gcc/arm-none-eabi/6.3.1/../../../../arm-none-eabi/lib/thumb/v6-m/crt0.o (exit)
c:/program files (x86)/atmel/studio/7.0/toolchain/arm/arm-gnu-toolchain/bin/../lib/gcc/arm-none-eabi/6.3.1/../../../../arm-none-eabi/lib/thumb/v6-m\libc.a(lib_a-impure.o)
                              c:/program files (x86)/atmel/studio/7.0/toolchain/arm/arm-gnu-toolchain/bin/../lib/gcc/arm-none-eabi/6.3.1/../../../../arm-none-eabi/lib/thumb/v6-m\libc.a(lib_a-exit.o) (_global_impure_ptr)
c:/program files (x86)/atmel/studio/7.0/toolchain/arm/arm-gnu-toolchain/bin/../lib/gcc/arm-none-eabi/6.3.1/../../../../arm-none-eabi/lib/thumb/v6-m\libc.a(lib_a-init.o)
                              c:/program files (x86)/atmel/studio/7.0/toolchain/arm/arm-gnu-toolchain/bin/../lib/gcc/arm-none-eabi/6.3.1/../../../../arm-none-eabi/lib/thumb/v6-m/crt0.o (__libc_init_array)
c:/program files (x86)/atmel/studio/7.0/toolchain/arm/arm-gnu-toolchain/bin/../lib/gcc/arm-none-eabi/6.3.1/../../../../arm-none-eabi/lib/thumb/v6-m\libc.a(lib_a-memcmp.o)
                              accelerometer.o (memcmp)
c:/program files (x86)/atmel/studio/7.0/toolchain/arm/arm-gnu-toolchain/bin/../lib/gcc/arm-none-eabi/6.3.1/../../../../arm-none-eabi/lib/thumb/v6-m\libc.a(lib_a-memmove.o)
                              c:/program files (x86)/atmel/studio/7.0/toolchain/arm/arm-gnu-toolchain/bin/../lib/gcc/arm-none-eabi/6.3.1/../../../../arm-none-eabi/lib/thumb/v6-m\libc.a(lib_a-bcopy.o) (memmove)
c:/program files (x86)/atmel/studio/7.0/toolchain/arm/arm-gnu-toolchain/bin/../lib/gcc/arm-none-eabi/6.3.1/../../../../arm-none-eabi/lib/thumb/v6-m\libc.a(lib_a-memset.o)
                              c:/program files (x86)/atmel/studio/7.0/toolchain/arm/arm-gnu-toolchain/bin/../lib/gcc/arm-none-eabi/6.3.1/../../../../arm-none-eabi/lib/thumb/v6-m/crt0.o (memset)
c:/program files (x86)/atmel/studio/7.0/toolchain/arm/arm-gnu-toolchain/bin/../lib/gcc/arm-none-eabi/6.3.1/../../../../arm-none-eabi/lib/thumb/v6-m\libc.a(lib_a-__call_atexit.o)
                              c:/program files (x86)/atmel/studio/7.0/toolchain/arm/arm-gnu-toolchain/bin/../lib/gcc/arm-none-eabi/6.3.1/../../../../arm-none-eabi/lib/thumb/v6-m\libc.a(lib_a-exit.o) (__call_exitprocs)
c:/program files (x86)/atmel/studio/7.0/toolchain/arm/arm-gnu-toolchain/bin/../lib/gcc/arm-none-eabi/6.3.1/../../../../arm-none-eabi/lib/thumb/v6-m\libc.a(lib_a-atexit.o)
                              c:/program files (x86)/atmel/studio/7.0/toolchain/arm/arm-gnu-toolchain/bin/../lib/gcc/arm-none-eabi/6.3.1/../../../../arm-none-eabi/lib/thumb/v6-m\libc.a(lib_a-__call_atexit.o) (atexit)
c:/program files (x86)/atmel/studio/7.0/toolchain/arm/arm-gnu-toolchain/bin/../lib/gcc/arm-none-eabi/6.3.1/../../../../arm-none-eabi/lib/thumb/v6-m\libc.a(lib_a-fini.o)
                              c:/program files (x86)/atmel/studio/7.0/toolchain/arm/arm-gnu-toolchain/bin/../lib/gcc/arm-none-eabi/6.3.1/../../../../arm-none-eabi/lib/thumb/v6-m\libc.a(lib_a-__call_atexit.o) (__libc_fini_array)
c:/program files (x86)/atmel/studio/7.0/toolchain/arm/arm-gnu-toolchain/bin/../lib/gcc/arm-none-eabi/6.3.1/../../../../arm-none-eabi/lib/thumb/v6-m\libc.a(lib_a-lock.o)
                              c:/program files (x86)/atmel/studio/7.0/toolchain/arm/arm-gnu-toolchain/bin/../lib/gcc/arm-none-eabi/6.3.1/../../../../arm-none-eabi/lib/thumb/v6-m\libc.a(lib_a-__call_atexit.o) (__retarget_lock_acquire_recursive)
c:/program files (x86)/atmel/studio/7.0/toolchain/arm/arm-gnu-toolchain/bin/../lib/gcc/arm-none-eabi/6.3.1/../../../../arm-none-eabi/lib/thumb/v6-m\libc.a(lib_a-__atexit.o)
                              c:/program files (x86)/atmel/studio/7.0/toolchain/arm/arm-gnu-toolchain/bin/../lib/gcc/arm-none-eabi/6.3.1/../../../../arm-none-eabi/lib/thumb/v6-m\libc.a(lib_a-atexit.o) (__register_exitproc)

Allocating common symbols
Common symbol       size              file

__lock___atexit_recursive_mutex
[...]
Memory Configuration

Name             Origin             Length             Attributes
rom              0x00000000         0x00040000         xr
ram              0x20000000         0x00008000         xrw
*default*        0x00000000         0xffffffff

Linker script and memory map

LOAD c:/program files (x86)/atmel/studio/7.0/toolchain/arm/arm-gnu-toolchain/bin/../lib/gcc/arm-none-eabi/6.3.1/thumb/v6-m/crti.o
LOAD c:/program files (x86)/atmel/studio/7.0/toolchain/arm/arm-gnu-toolchain/bin/../lib/gcc/arm-none-eabi/6.3.1/thumb/v6-m/crtbegin.o
LOAD c:/program files (x86)/atmel/studio/7.0/toolchain/arm/arm-gnu-toolchain/bin/../lib/gcc/arm-none-eabi/6.3.1/../../../../arm-none-eabi/lib/thumb/v6-m/crt0.o
LOAD accelerometer.o
LOAD bmi160.o
LOAD Device_Startup/startup_samd21.o
LOAD Device_Startup/system_samd21.o
LOAD i2c.o
LOAD main.o
START GROUP
LOAD c:/program files (x86)/atmel/studio/7.0/toolchain/arm/arm-gnu-toolchain/bin/../lib/gcc/arm-none-eabi/6.3.1/../../../../arm-none-eabi/lib/thumb/v6-m\libm.a
END GROUP
START GROUP
LOAD c:/program files (x86)/atmel/studio/7.0/toolchain/arm/arm-gnu-toolchain/bin/../lib/gcc/arm-none-eabi/6.3.1/thumb/v6-m\libgcc.a
LOAD c:/program files (x86)/atmel/studio/7.0/toolchain/arm/arm-gnu-toolchain/bin/../lib/gcc/arm-none-eabi/6.3.1/../../../../arm-none-eabi/lib/thumb/v6-m\libc.a
END GROUP
LOAD c:/program files (x86)/atmel/studio/7.0/toolchain/arm/arm-gnu-toolchain/bin/../lib/gcc/arm-none-eabi/6.3.1/thumb/v6-m/crtend.o
LOAD c:/program files (x86)/atmel/studio/7.0/toolchain/arm/arm-gnu-toolchain/bin/../lib/gcc/arm-none-eabi/6.3.1/thumb/v6-m/crtn.o
                0x00002000                STACK_SIZE = DEFINED (STACK_SIZE)?STACK_SIZE:DEFINED (__stack_size__)?__stack_size__:0x2000

.text           0x00000000     0x10d4
                0x00000000                . = ALIGN (0x4)
                0x00000000                _sfixed = .
 *(.vectors .vectors.*)
 .vectors       0x00000000       0xb4 Device_Startup/startup_samd21.o
                0x00000000                exception_table
 *(.text .text.* .gnu.linkonce.t.*)
 .text          0x000000b4       0x60 c:/program files (x86)/atmel/studio/7.0/toolchain/arm/arm-gnu-toolchain/bin/../lib/gcc/arm-none-eabi/6.3.1/thumb/v6-m/crtbegin.o
 .text.user_delay_ms
                0x00000114       0x1c accelerometer.o
                0x00000114                user_delay_ms
 .text.user_i2c_read
                0x00000130       0x18 accelerometer.o
                0x00000130                user_i2c_read
 .text.user_i2c_write
                0x00000148       0x38 accelerometer.o
                0x00000148                user_i2c_write
 .text.accelerometer_init
                0x00000180       0x58 accelerometer.o
                0x00000180                accelerometer_init
 .text.accelerometer_update
                0x000001d8       0x18 accelerometer.o
                0x000001d8                accelerometer_update
 .text.null_ptr_check
                0x000001f0       0x32 bmi160.o
 .text.default_param_settg
                0x00000222       0x26 bmi160.o
 .text.process_accel_odr
                0x00000248       0x2a bmi160.o
 .text.process_accel_bw
                0x00000272       0x22 bmi160.o
 .text.process_accel_range
                0x00000294       0x2a bmi160.o
 .text.process_gyro_odr
                0x000002be       0x2a bmi160.o
 .text.process_gyro_bw
                0x000002e8       0x20 bmi160.o
 .text.process_gyro_range
                0x00000308       0x2a bmi160.o
 .text.bmi160_get_regs
                0x00000332       0x4a bmi160.o
                0x00000332                bmi160_get_regs
 .text.check_accel_config
                0x0000037c       0x4c bmi160.o
 .text.check_gyro_config
                0x000003c8       0x4c bmi160.o
 .text.check_invalid_settg
                0x00000414       0x50 bmi160.o
 .text.bmi160_set_regs
                0x00000464       0x96 bmi160.o
                0x00000464                bmi160_set_regs
 *fill*         0x000004fa        0x2 
 .text.set_accel_conf
                0x000004fc       0x58 bmi160.o
 .text.set_gyro_conf
                0x00000554       0x58 bmi160.o
 .text.process_under_sampling
                0x000005ac       0x78 bmi160.o
 .text.set_accel_pwr
                0x00000624       0x68 bmi160.o
 .text.set_gyro_pwr
                0x0000068c       0x60 bmi160.o
 .text.bmi160_soft_reset
                0x000006ec       0x74 bmi160.o
                0x000006ec                bmi160_soft_reset
 .text.bmi160_init
                0x00000760       0x6c bmi160.o
                0x00000760                bmi160_init
 .text.bmi160_set_power_mode
                0x000007cc       0x34 bmi160.o
                0x000007cc                bmi160_set_power_mode
 .text.bmi160_set_sens_conf
                0x00000800       0x50 bmi160.o
                0x00000800                bmi160_set_sens_conf
 .text.Dummy_Handler
                0x00000850        0x2 Device_Startup/startup_samd21.o
                0x00000850                SVCall_Handler
                0x00000850                DMAC_Handler
                0x00000850                HardFault_Handler
                0x00000850                AC_Handler
                0x00000850                PendSV_Handler
                0x00000850                SERCOM1_Handler
                0x00000850                ADC_Handler
                0x00000850                NonMaskableInt_Handler
                0x00000850                TCC1_Handler
                0x00000850                SERCOM2_Handler
                0x00000850                TCC0_Handler
                0x00000850                RTC_Handler
                0x00000850                EIC_Handler
                0x00000850                WDT_Handler
                0x00000850                TC4_Handler
                0x00000850                USB_Handler
                0x00000850                TC3_Handler
                0x00000850                Dummy_Handler
                0x00000850                PM_Handler
                0x00000850                SERCOM5_Handler
                0x00000850                TCC2_Handler
                0x00000850                EVSYS_Handler
                0x00000850                SERCOM4_Handler
                0x00000850                I2S_Handler
                0x00000850                NVMCTRL_Handler
                0x00000850                SERCOM0_Handler
                0x00000850                DAC_Handler
                0x00000850                PTC_Handler
                0x00000850                TC5_Handler
                0x00000850                SYSCTRL_Handler
 *fill*         0x00000852        0x2 
 .text.Reset_Handler
                0x00000854       0xc4 Device_Startup/startup_samd21.o
                0x00000854                Reset_Handler
 .text.SystemInit
                0x00000918      0x198 Device_Startup/system_samd21.o
                0x00000918                SystemInit
 .text.i2c_init
                0x00000ab0      0x114 i2c.o
                0x00000ab0                i2c_init
 .text.i2c_write
                0x00000bc4       0x58 i2c.o
                0x00000bc4                i2c_write
 .text.i2c_read
                0x00000c1c       0x14 i2c.o
                0x00000c1c                i2c_read
 .text.SERCOM3_Handler
                0x00000c30       0x88 i2c.o
                0x00000c30                SERCOM3_Handler
 .text.getMillis
                0x00000cb8       0x10 main.o
 .text.main     0x00000cc8       0x6c main.o
                0x00000cc8                main
 .text.SysTick_Handler
                0x00000d34       0x10 main.o
                0x00000d34                SysTick_Handler
 .text          0x00000d44      0x114 c:/program files (x86)/atmel/studio/7.0/toolchain/arm/arm-gnu-toolchain/bin/../lib/gcc/arm-none-eabi/6.3.1/thumb/v6-m\libgcc.a(_udivsi3.o)
                0x00000d44                __aeabi_uidiv
                0x00000d44                __udivsi3
                0x00000e50                __aeabi_uidivmod
 .text          0x00000e58        0x4 c:/program files (x86)/atmel/studio/7.0/toolchain/arm/arm-gnu-toolchain/bin/../lib/gcc/arm-none-eabi/6.3.1/thumb/v6-m\libgcc.a(_dvmd_tls.o)
                0x00000e58                __aeabi_idiv0
                0x00000e58                __aeabi_ldiv0
 .text.bcopy    0x00000e5c       0x10 c:/program files (x86)/atmel/studio/7.0/toolchain/arm/arm-gnu-toolchain/bin/../lib/gcc/arm-none-eabi/6.3.1/../../../../arm-none-eabi/lib/thumb/v6-m\libc.a(lib_a-bcopy.o)
                0x00000e5c                bcopy
 .text.__libc_init_array
                0x00000e6c       0x48 c:/program files (x86)/atmel/studio/7.0/toolchain/arm/arm-gnu-toolchain/bin/../lib/gcc/arm-none-eabi/6.3.1/../../../../arm-none-eabi/lib/thumb/v6-m\libc.a(lib_a-init.o)
                0x00000e6c                __libc_init_array
 .text.memmove  0x00000eb4       0xa0 c:/program files (x86)/atmel/studio/7.0/toolchain/arm/arm-gnu-toolchain/bin/../lib/gcc/arm-none-eabi/6.3.1/../../../../arm-none-eabi/lib/thumb/v6-m\libc.a(lib_a-memmove.o)
                0x00000eb4                memmove
 .text.startup.register_fini
                0x00000f54       0x18 c:/program files (x86)/atmel/studio/7.0/toolchain/arm/arm-gnu-toolchain/bin/../lib/gcc/arm-none-eabi/6.3.1/../../../../arm-none-eabi/lib/thumb/v6-m\libc.a(lib_a-__call_atexit.o)
 .text.atexit   0x00000f6c       0x10 c:/program files (x86)/atmel/studio/7.0/toolchain/arm/arm-gnu-toolchain/bin/../lib/gcc/arm-none-eabi/6.3.1/../../../../arm-none-eabi/lib/thumb/v6-m\libc.a(lib_a-atexit.o)
                0x00000f6c                atexit
 .text.__libc_fini_array
                0x00000f7c       0x34 c:/program files (x86)/atmel/studio/7.0/toolchain/arm/arm-gnu-toolchain/bin/../lib/gcc/arm-none-eabi/6.3.1/../../../../arm-none-eabi/lib/thumb/v6-m\libc.a(lib_a-fini.o)
                0x00000f7c                __libc_fini_array
 .text.__retarget_lock_acquire_recursive
                0x00000fb0        0x4 c:/program files (x86)/atmel/studio/7.0/toolchain/arm/arm-gnu-toolchain/bin/../lib/gcc/arm-none-eabi/6.3.1/../../../../arm-none-eabi/lib/thumb/v6-m\libc.a(lib_a-lock.o)
                0x00000fb0                __retarget_lock_acquire_recursive
 .text.__retarget_lock_release_recursive
                0x00000fb4        0x4 c:/program files (x86)/atmel/studio/7.0/toolchain/arm/arm-gnu-toolchain/bin/../lib/gcc/arm-none-eabi/6.3.1/../../../../arm-none-eabi/lib/thumb/v6-m\libc.a(lib_a-lock.o)
                0x00000fb4                __retarget_lock_release_recursive
 .text.__register_exitproc
                0x00000fb8       0xf4 c:/program files (x86)/atmel/studio/7.0/toolchain/arm/arm-gnu-toolchain/bin/../lib/gcc/arm-none-eabi/6.3.1/../../../../arm-none-eabi/lib/thumb/v6-m\libc.a(lib_a-__atexit.o)
                0x00000fb8                __register_exitproc
 *(.glue_7t)
 .glue_7t       0x000010ac        0x0 linker stubs
 *(.glue_7)
 .glue_7        0x000010ac        0x0 linker stubs
 *(.rodata .rodata* .gnu.linkonce.r.*)
 .rodata._global_impure_ptr
                0x000010ac        0x4 c:/program files (x86)/atmel/studio/7.0/toolchain/arm/arm-gnu-toolchain/bin/../lib/gcc/arm-none-eabi/6.3.1/../../../../arm-none-eabi/lib/thumb/v6-m\libc.a(lib_a-impure.o)
                0x000010ac                _global_impure_ptr
 *(.ARM.extab* .gnu.linkonce.armextab.*)
                0x000010b0                . = ALIGN (0x4)
 *(.init)
 .init          0x000010b0        0x4 c:/program files (x86)/atmel/studio/7.0/toolchain/arm/arm-gnu-toolchain/bin/../lib/gcc/arm-none-eabi/6.3.1/thumb/v6-m/crti.o
                0x000010b0                _init
 .init          0x000010b4        0x8 c:/program files (x86)/atmel/studio/7.0/toolchain/arm/arm-gnu-toolchain/bin/../lib/gcc/arm-none-eabi/6.3.1/thumb/v6-m/crtn.o
                0x000010bc                . = ALIGN (0x4)
                0x000010bc                __preinit_array_start = .
 *(.preinit_array)
                0x000010bc                __preinit_array_end = .
                0x000010bc                . = ALIGN (0x4)
                0x000010bc                __init_array_start = .
 *(SORT(.init_array.*))
 .init_array.00000
                0x000010bc        0x4 c:/program files (x86)/atmel/studio/7.0/toolchain/arm/arm-gnu-toolchain/bin/../lib/gcc/arm-none-eabi/6.3.1/../../../../arm-none-eabi/lib/thumb/v6-m\libc.a(lib_a-__call_atexit.o)
 *(.init_array)
 .init_array    0x000010c0        0x4 c:/program files (x86)/atmel/studio/7.0/toolchain/arm/arm-gnu-toolchain/bin/../lib/gcc/arm-none-eabi/6.3.1/thumb/v6-m/crtbegin.o
                0x000010c4                __init_array_end = .
                0x000010c4                . = ALIGN (0x4)
 *crtbegin.o(.ctors)
 *(EXCLUDE_FILE(*crtend.o) .ctors)
 *(SORT(.ctors.*))
 *crtend.o(.ctors)
                0x000010c4                . = ALIGN (0x4)
 *(.fini)
 .fini          0x000010c4        0x4 c:/program files (x86)/atmel/studio/7.0/toolchain/arm/arm-gnu-toolchain/bin/../lib/gcc/arm-none-eabi/6.3.1/thumb/v6-m/crti.o
                0x000010c4                _fini
 .fini          0x000010c8        0x8 c:/program files (x86)/atmel/studio/7.0/toolchain/arm/arm-gnu-toolchain/bin/../lib/gcc/arm-none-eabi/6.3.1/thumb/v6-m/crtn.o
                0x000010d0                . = ALIGN (0x4)
                0x000010d0                __fini_array_start = .
 *(.fini_array)
 .fini_array    0x000010d0        0x4 c:/program files (x86)/atmel/studio/7.0/toolchain/arm/arm-gnu-toolchain/bin/../lib/gcc/arm-none-eabi/6.3.1/thumb/v6-m/crtbegin.o
 *(SORT(.fini_array.*))
                0x000010d4                __fini_array_end = .
 *crtbegin.o(.dtors)
 *(EXCLUDE_FILE(*crtend.o) .dtors)
 *(SORT(.dtors.*))
 *crtend.o(.dtors)
                0x000010d4                . = ALIGN (0x4)
                0x000010d4                _efixed = .
                [!provide]                PROVIDE (__exidx_start, .)

.vfp11_veneer   0x000010d4        0x0
 .vfp11_veneer  0x000010d4        0x0 linker stubs

.v4_bx          0x000010d4        0x0
 .v4_bx         0x000010d4        0x0 linker stubs

.iplt           0x000010d4        0x0
 .iplt          0x000010d4        0x0 c:/program files (x86)/atmel/studio/7.0/toolchain/arm/arm-gnu-toolchain/bin/../lib/gcc/arm-none-eabi/6.3.1/thumb/v6-m/crtbegin.o

.eh_frame       0x000010d4        0x0
 .eh_frame      0x000010d4        0x0 c:/program files (x86)/atmel/studio/7.0/toolchain/arm/arm-gnu-toolchain/bin/../lib/gcc/arm-none-eabi/6.3.1/thumb/v6-m/crtbegin.o

.rel.dyn        0x000010d4        0x0
 .rel.iplt      0x000010d4        0x0 c:/program files (x86)/atmel/studio/7.0/toolchain/arm/arm-gnu-toolchain/bin/../lib/gcc/arm-none-eabi/6.3.1/thumb/v6-m/crtbegin.o

.jcr            0x000010d4        0x0
 .jcr           0x000010d4        0x0 c:/program files (x86)/atmel/studio/7.0/toolchain/arm/arm-gnu-toolchain/bin/../lib/gcc/arm-none-eabi/6.3.1/thumb/v6-m/crtbegin.o

.igot.plt       0x000010d4        0x0
 .igot.plt      0x000010d4        0x0 c:/program files (x86)/atmel/studio/7.0/toolchain/arm/arm-gnu-toolchain/bin/../lib/gcc/arm-none-eabi/6.3.1/thumb/v6-m/crtbegin.o

.ARM.exidx
 *(.ARM.exidx* .gnu.linkonce.armexidx.*)
                [!provide]                PROVIDE (__exidx_end, .)
                0x000010d4                . = ALIGN (0x4)
                0x000010d4                _etext = .

.relocate       0x20000000      0x434 load address 0x000010d4
                0x20000000                . = ALIGN (0x4)
                0x20000000                _srelocate = .
 *(.ramfunc .ramfunc.*)
 *(.data .data.*)
 .data          0x20000000        0x4 Device_Startup/system_samd21.o
                0x20000000                SystemCoreClock
 *fill*         0x20000004        0x4 
 .data.impure_data
                0x20000008      0x428 c:/program files (x86)/atmel/studio/7.0/toolchain/arm/arm-gnu-toolchain/bin/../lib/gcc/arm-none-eabi/6.3.1/../../../../arm-none-eabi/lib/thumb/v6-m\libc.a(lib_a-impure.o)
 .data.__atexit_recursive_mutex
                0x20000430        0x4 c:/program files (x86)/atmel/studio/7.0/toolchain/arm/arm-gnu-toolchain/bin/../lib/gcc/arm-none-eabi/6.3.1/../../../../arm-none-eabi/lib/thumb/v6-m\libc.a(lib_a-__call_atexit.o)
                0x20000430                __atexit_recursive_mutex
                0x20000434                . = ALIGN (0x4)
                0x20000434                _erelocate = .

.bss            0x20000434       0x98 load address 0x00001508
                0x20000434                . = ALIGN (0x4)
                0x20000434                _sbss = .
                0x20000434                _szero = .
 *(.bss .bss.*)
 .bss           0x20000434       0x1c c:/program files (x86)/atmel/studio/7.0/toolchain/arm/arm-gnu-toolchain/bin/../lib/gcc/arm-none-eabi/6.3.1/thumb/v6-m/crtbegin.o
 .bss           0x20000450        0x1 accelerometer.o
                0x20000450                rslt
 .bss           0x20000451        0x3 i2c.o
 .bss           0x20000454        0xc main.o
                0x20000458                new_millis
                0x2000045c                old_millis
 *(COMMON)
 COMMON         0x20000460       0x40 accelerometer.o
                0x20000460                accel
                0x2000046c                sensor
                0x20000494                temp_accel
 COMMON         0x200004a0        0x6 main.o
                0x200004a0                accel_data
 *fill*         0x200004a6        0x2 
 COMMON         0x200004a8       0x21 c:/program files (x86)/atmel/studio/7.0/toolchain/arm/arm-gnu-toolchain/bin/../lib/gcc/arm-none-eabi/6.3.1/../../../../arm-none-eabi/lib/thumb/v6-m\libc.a(lib_a-lock.o)
                0x200004a8                __lock___atexit_recursive_mutex
                0x200004ac                __lock___arc4random_mutex
                0x200004b0                __lock___env_recursive_mutex
                0x200004b4                __lock___sinit_recursive_mutex
                0x200004b8                __lock___malloc_recursive_mutex
                0x200004bc                __lock___at_quick_exit_mutex
                0x200004c0                __lock___dd_hash_mutex
                0x200004c4                __lock___tz_mutex
                0x200004c8                __lock___sfp_recursive_mutex
                0x200004cc                . = ALIGN (0x4)
 *fill*         0x200004c9        0x3 
                0x200004cc                _ebss = .
                0x200004cc                _ezero = .

.stack          0x200004cc     0x2004 load address 0x000015a0
                0x200004d0                . = ALIGN (0x8)
 *fill*         0x200004cc        0x4 
                0x200004d0                _sstack = .
                0x200024d0                . = (. + STACK_SIZE)
 *fill*         0x200004d0     0x2000 
                0x200024d0                . = ALIGN (0x8)
                0x200024d0                _estack = .
                0x200024d0                . = ALIGN (0x4)
                0x200024d0                _end = .
OUTPUT(Lab 11.elf elf32-littlearm)

.ARM.attributes
                0x00000000       0x28
 .ARM.attributes
                0x00000000       0x1e c:/program files (x86)/atmel/studio/7.0/toolchain/arm/arm-gnu-toolchain/bin/../lib/gcc/arm-none-eabi/6.3.1/thumb/v6-m/crti.o
 .ARM.attributes
                0x0000001e       0x2c c:/program files (x86)/atmel/studio/7.0/toolchain/arm/arm-gnu-toolchain/bin/../lib/gcc/arm-none-eabi/6.3.1/thumb/v6-m/crtbegin.o
 .ARM.attributes
                0x0000004a       0x32 accelerometer.o
 .ARM.attributes
                0x0000007c       0x32 bmi160.o
 .ARM.attributes
                0x000000ae       0x32 Device_Startup/startup_samd21.o
 .ARM.attributes
                0x000000e0       0x32 Device_Startup/system_samd21.o
 .ARM.attributes
                0x00000112       0x32 i2c.o
 .ARM.attributes
                0x00000144       0x32 main.o
 .ARM.attributes
                0x00000176       0x1e c:/program files (x86)/atmel/studio/7.0/toolchain/arm/arm-gnu-toolchain/bin/../lib/gcc/arm-none-eabi/6.3.1/thumb/v6-m\libgcc.a(_udivsi3.o)
 .ARM.attributes
                0x00000194       0x1e c:/program files (x86)/atmel/studio/7.0/toolchain/arm/arm-gnu-toolchain/bin/../lib/gcc/arm-none-eabi/6.3.1/thumb/v6-m\libgcc.a(_dvmd_tls.o)
 .ARM.attributes
                0x000001b2       0x2c c:/program files (x86)/atmel/studio/7.0/toolchain/arm/arm-gnu-toolchain/bin/../lib/gcc/arm-none-eabi/6.3.1/../../../../arm-none-eabi/lib/thumb/v6-m\libc.a(lib_a-bcopy.o)
 .ARM.attributes
                0x000001de       0x2c c:/program files (x86)/atmel/studio/7.0/toolchain/arm/arm-gnu-toolchain/bin/../lib/gcc/arm-none-eabi/6.3.1/../../../../arm-none-eabi/lib/thumb/v6-m\libc.a(lib_a-impure.o)
 .ARM.attributes
                0x0000020a       0x2c c:/program files (x86)/atmel/studio/7.0/toolchain/arm/arm-gnu-toolchain/bin/../lib/gcc/arm-none-eabi/6.3.1/../../../../arm-none-eabi/lib/thumb/v6-m\libc.a(lib_a-init.o)
 .ARM.attributes
                0x00000236       0x2c c:/program files (x86)/atmel/studio/7.0/toolchain/arm/arm-gnu-toolchain/bin/../lib/gcc/arm-none-eabi/6.3.1/../../../../arm-none-eabi/lib/thumb/v6-m\libc.a(lib_a-memmove.o)
 .ARM.attributes
                0x00000262       0x2c c:/program files (x86)/atmel/studio/7.0/toolchain/arm/arm-gnu-toolchain/bin/../lib/gcc/arm-none-eabi/6.3.1/../../../../arm-none-eabi/lib/thumb/v6-m\libc.a(lib_a-__call_atexit.o)
 .ARM.attributes
                0x0000028e       0x2c c:/program files (x86)/atmel/studio/7.0/toolchain/arm/arm-gnu-toolchain/bin/../lib/gcc/arm-none-eabi/6.3.1/../../../../arm-none-eabi/lib/thumb/v6-m\libc.a(lib_a-atexit.o)
 .ARM.attributes
                0x000002ba       0x2c c:/program files (x86)/atmel/studio/7.0/toolchain/arm/arm-gnu-toolchain/bin/../lib/gcc/arm-none-eabi/6.3.1/../../../../arm-none-eabi/lib/thumb/v6-m\libc.a(lib_a-fini.o)
 .ARM.attributes
                0x000002e6       0x2c c:/program files (x86)/atmel/studio/7.0/toolchain/arm/arm-gnu-toolchain/bin/../lib/gcc/arm-none-eabi/6.3.1/../../../../arm-none-eabi/lib/thumb/v6-m\libc.a(lib_a-lock.o)
 .ARM.attributes
                0x00000312       0x2c c:/program files (x86)/atmel/studio/7.0/toolchain/arm/arm-gnu-toolchain/bin/../lib/gcc/arm-none-eabi/6.3.1/../../../../arm-none-eabi/lib/thumb/v6-m\libc.a(lib_a-__atexit.o)
 .ARM.attributes
                0x0000033e       0x1e c:/program files (x86)/atmel/studio/7.0/toolchain/arm/arm-gnu-toolchain/bin/../lib/gcc/arm-none-eabi/6.3.1/thumb/v6-m/crtn.o

.comment        0x00000000       0x59
 .comment       0x00000000       0x59 accelerometer.o
                                 0x5a (size before relaxing)
 .comment       0x00000059       0x5a bmi160.o
 .comment       0x00000059       0x5a Device_Startup/startup_samd21.o
 .comment       0x00000059       0x5a Device_Startup/system_samd21.o
 .comment       0x00000059       0x5a i2c.o
 .comment       0x00000059       0x5a main.o

.debug_info     0x00000000    0x13273
 .debug_info    0x00000000     0x109d accelerometer.o
 .debug_info    0x0000109d     0x737c bmi160.o
 .debug_info    0x00008419     0x3a2c Device_Startup/startup_samd21.o
 .debug_info    0x0000be45     0x2b02 Device_Startup/system_samd21.o
 .debug_info    0x0000e947     0x3a6b i2c.o
 .debug_info    0x000123b2      0xec1 main.o

.debug_abbrev   0x00000000     0x107f
 .debug_abbrev  0x00000000      0x2f8 accelerometer.o
 .debug_abbrev  0x000002f8      0x3ae bmi160.o
 .debug_abbrev  0x000006a6      0x227 Device_Startup/startup_samd21.o
 .debug_abbrev  0x000008cd      0x184 Device_Startup/system_samd21.o
 .debug_abbrev  0x00000a51      0x357 i2c.o
 .debug_abbrev  0x00000da8      0x2d7 main.o

.debug_loc      0x00000000     0x9dfa
 .debug_loc     0x00000000      0x22b accelerometer.o
 .debug_loc     0x0000022b     0x97ec bmi160.o
 .debug_loc     0x00009a17       0x78 Device_Startup/startup_samd21.o
 .debug_loc     0x00009a8f       0x8b Device_Startup/system_samd21.o
 .debug_loc     0x00009b1a      0x297 i2c.o
 .debug_loc     0x00009db1       0x49 main.o

.debug_aranges  0x00000000      0x540
 .debug_aranges
                0x00000000       0x48 accelerometer.o
 .debug_aranges
                0x00000048      0x438 bmi160.o
 .debug_aranges
                0x00000480       0x28 Device_Startup/startup_samd21.o
 .debug_aranges
                0x000004a8       0x28 Device_Startup/system_samd21.o
 .debug_aranges
                0x000004d0       0x40 i2c.o
 .debug_aranges
                0x00000510       0x30 main.o

.debug_ranges   0x00000000      0x618
 .debug_ranges  0x00000000       0x38 accelerometer.o
 .debug_ranges  0x00000038      0x530 bmi160.o
 .debug_ranges  0x00000568       0x18 Device_Startup/startup_samd21.o
 .debug_ranges  0x00000580       0x18 Device_Startup/system_samd21.o
 .debug_ranges  0x00000598       0x60 i2c.o
 .debug_ranges  0x000005f8       0x20 main.o

.debug_macro    0x00000000    0x12fdb
 .debug_macro   0x00000000      0x421 accelerometer.o
 .debug_macro   0x00000421      0x8a4 accelerometer.o
 .debug_macro   0x00000cc5       0x22 accelerometer.o
 .debug_macro   0x00000ce7       0x87 accelerometer.o
 .debug_macro   0x00000d6e       0x51 accelerometer.o
 .debug_macro   0x00000dbf       0xef accelerometer.o
 .debug_macro   0x00000eae       0x6a accelerometer.o
 .debug_macro   0x00000f18      0x1df accelerometer.o
 .debug_macro   0x000010f7       0x39 accelerometer.o
 .debug_macro   0x00001130       0x3a accelerometer.o
 .debug_macro   0x0000116a       0x1f accelerometer.o
 .debug_macro   0x00001189      0x250 accelerometer.o
 .debug_macro   0x000013d9      0x67e accelerometer.o
 .debug_macro   0x00001a57      0x8b1 accelerometer.o
 .debug_macro   0x00002308      0x22e accelerometer.o
 .debug_macro   0x00002536      0xd5c accelerometer.o
 .debug_macro   0x00003292      0x4dc accelerometer.o
 .debug_macro   0x0000376e      0x9f6 accelerometer.o
 .debug_macro   0x00004164      0x82b accelerometer.o
 .debug_macro   0x0000498f      0x45f accelerometer.o
 .debug_macro   0x00004dee       0x5e accelerometer.o
 .debug_macro   0x00004e4c      0x8f9 accelerometer.o
 .debug_macro   0x00005745      0x21c accelerometer.o
 .debug_macro   0x00005961      0x735 accelerometer.o
 .debug_macro   0x00006096       0x5e accelerometer.o
 .debug_macro   0x000060f4      0x632 accelerometer.o
 .debug_macro   0x00006726      0x3ac accelerometer.o
 .debug_macro   0x00006ad2      0xc76 accelerometer.o
 .debug_macro   0x00007748     0x1092 accelerometer.o
 .debug_macro   0x000087da      0xc4a accelerometer.o
 .debug_macro   0x00009424      0x6ba accelerometer.o
 .debug_macro   0x00009ade     0x1b3d accelerometer.o
 .debug_macro   0x0000b61b     0x143c accelerometer.o
 .debug_macro   0x0000ca57      0x340 accelerometer.o
 .debug_macro   0x0000cd97       0x7c accelerometer.o
 .debug_macro   0x0000ce13       0xa0 accelerometer.o
 .debug_macro   0x0000ceb3       0x4c accelerometer.o
 .debug_macro   0x0000ceff       0xca accelerometer.o
 .debug_macro   0x0000cfc9       0x94 accelerometer.o
 .debug_macro   0x0000d05d       0x58 accelerometer.o
 .debug_macro   0x0000d0b5      0x341 accelerometer.o
 .debug_macro   0x0000d3f6       0x82 accelerometer.o
 .debug_macro   0x0000d478      0x189 accelerometer.o
 .debug_macro   0x0000d601       0xb8 accelerometer.o
 .debug_macro   0x0000d6b9       0xa0 accelerometer.o
 .debug_macro   0x0000d759       0xb2 accelerometer.o
 .debug_macro   0x0000d80b       0x1c accelerometer.o
 .debug_macro   0x0000d827       0x1c accelerometer.o
 .debug_macro   0x0000d843       0x1c accelerometer.o
 .debug_macro   0x0000d85f       0x7c accelerometer.o
 .debug_macro   0x0000d8db      0x15a accelerometer.o
 .debug_macro   0x0000da35       0x10 accelerometer.o
 .debug_macro   0x0000da45       0xdc accelerometer.o
 .debug_macro   0x0000db21      0x124 accelerometer.o
 .debug_macro   0x0000dc45      0x124 accelerometer.o
 .debug_macro   0x0000dd69      0x124 accelerometer.o
 .debug_macro   0x0000de8d      0x124 accelerometer.o
 .debug_macro   0x0000dfb1      0x124 accelerometer.o
 .debug_macro   0x0000e0d5      0x124 accelerometer.o
 .debug_macro   0x0000e1f9      0x124 accelerometer.o
 .debug_macro   0x0000e31d       0xe2 accelerometer.o
 .debug_macro   0x0000e3ff       0xe2 accelerometer.o
 .debug_macro   0x0000e4e1       0xe2 accelerometer.o
 .debug_macro   0x0000e5c3      0x12a accelerometer.o
 .debug_macro   0x0000e6ed      0x100 accelerometer.o
 .debug_macro   0x0000e7ed       0xf4 accelerometer.o
 .debug_macro   0x0000e8e1      0x40f accelerometer.o
 .debug_macro   0x0000ecf0       0x40 accelerometer.o
 .debug_macro   0x0000ed30      0x376 accelerometer.o
 .debug_macro   0x0000f0a6     0x17df accelerometer.o
 .debug_macro   0x00010885       0x6d accelerometer.o
 .debug_macro   0x000108f2       0x58 accelerometer.o
 .debug_macro   0x0001094a       0x28 accelerometer.o
 .debug_macro   0x00010972      0x16d accelerometer.o
 .debug_macro   0x00010adf      0xb47 accelerometer.o
 .debug_macro   0x00011626       0x58 accelerometer.o
 .debug_macro   0x0001167e       0x35 accelerometer.o
 .debug_macro   0x000116b3       0x9c accelerometer.o
 .debug_macro   0x0001174f       0x58 accelerometer.o
 .debug_macro   0x000117a7       0x1f accelerometer.o
 .debug_macro   0x000117c6       0x43 accelerometer.o
 .debug_macro   0x00011809       0x20 accelerometer.o
 .debug_macro   0x00011829      0x187 accelerometer.o
 .debug_macro   0x000119b0      0x353 accelerometer.o
 .debug_macro   0x00011d03      0x1e1 accelerometer.o
 .debug_macro   0x00011ee4       0x16 accelerometer.o
 .debug_macro   0x00011efa       0x35 accelerometer.o
 .debug_macro   0x00011f2f       0x16 accelerometer.o
 .debug_macro   0x00011f45       0x16 accelerometer.o
 .debug_macro   0x00011f5b       0x29 accelerometer.o
 .debug_macro   0x00011f84      0x179 bmi160.o
 .debug_macro   0x000120fd      0x2ef Device_Startup/startup_samd21.o
 .debug_macro   0x000123ec      0x31f Device_Startup/system_samd21.o
 .debug_macro   0x0001270b      0x43b i2c.o
 .debug_macro   0x00012b46       0x52 i2c.o
 .debug_macro   0x00012b98       0x22 i2c.o
 .debug_macro   0x00012bba      0x421 main.o

.debug_line     0x00000000     0x3bcb
 .debug_line    0x00000000      0x857 accelerometer.o
 .debug_line    0x00000857     0x14ee bmi160.o
 .debug_line    0x00001d45      0x6e2 Device_Startup/startup_samd21.o
 .debug_line    0x00002427      0x73f Device_Startup/system_samd21.o
 .debug_line    0x00002b66      0x868 i2c.o
 .debug_line    0x000033ce      0x7fd main.o

.debug_str      0x00000000    0x77bb6
 .debug_str     0x00000000    0x73f15 accelerometer.o
                              0x7441c (size before relaxing)
 .debug_str     0x00073f15     0x1775 bmi160.o
                               0xc72a (size before relaxing)
 .debug_str     0x0007568a     0x10c0 Device_Startup/startup_samd21.o
                              0x6d788 (size before relaxing)
 .debug_str     0x0007674a      0xa56 Device_Startup/system_samd21.o
                              0x6d21c (size before relaxing)
 .debug_str     0x000771a0      0x7eb i2c.o
                              0x74b37 (size before relaxing)
 .debug_str     0x0007798b      0x22b main.o
                              0x74312 (size before relaxing)

.debug_frame    0x00000000     0x12f8
 .debug_frame   0x00000000       0xa4 accelerometer.o
 .debug_frame   0x000000a4      0xed4 bmi160.o
 .debug_frame   0x00000f78       0x40 Device_Startup/startup_samd21.o
 .debug_frame   0x00000fb8       0x30 Device_Startup/system_samd21.o
 .debug_frame   0x00000fe8       0x90 i2c.o
 .debug_frame   0x00001078       0x48 main.o
 .debug_frame   0x000010c0       0x20 c:/program files (x86)/atmel/studio/7.0/toolchain/arm/arm-gnu-toolchain/bin/../lib/gcc/arm-none-eabi/6.3.1/thumb/v6-m\libgcc.a(_udivsi3.o)
 .debug_frame   0x000010e0       0x28 c:/program files (x86)/atmel/studio/7.0/toolchain/arm/arm-gnu-toolchain/bin/../lib/gcc/arm-none-eabi/6.3.1/../../../../arm-none-eabi/lib/thumb/v6-m\libc.a(lib_a-bcopy.o)
 .debug_frame   0x00001108       0x2c c:/program files (x86)/atmel/studio/7.0/toolchain/arm/arm-gnu-toolchain/bin/../lib/gcc/arm-none-eabi/6.3.1/../../../../arm-none-eabi/lib/thumb/v6-m\libc.a(lib_a-init.o)
 .debug_frame   0x00001134       0x30 c:/program files (x86)/atmel/studio/7.0/toolchain/arm/arm-gnu-toolchain/bin/../lib/gcc/arm-none-eabi/6.3.1/../../../../arm-none-eabi/lib/thumb/v6-m\libc.a(lib_a-memmove.o)
 .debug_frame   0x00001164       0x54 c:/program files (x86)/atmel/studio/7.0/toolchain/arm/arm-gnu-toolchain/bin/../lib/gcc/arm-none-eabi/6.3.1/../../../../arm-none-eabi/lib/thumb/v6-m\libc.a(lib_a-__call_atexit.o)
 .debug_frame   0x000011b8       0x28 c:/program files (x86)/atmel/studio/7.0/toolchain/arm/arm-gnu-toolchain/bin/../lib/gcc/arm-none-eabi/6.3.1/../../../../arm-none-eabi/lib/thumb/v6-m\libc.a(lib_a-atexit.o)
 .debug_frame   0x000011e0       0x2c c:/program files (x86)/atmel/studio/7.0/toolchain/arm/arm-gnu-toolchain/bin/../lib/gcc/arm-none-eabi/6.3.1/../../../../arm-none-eabi/lib/thumb/v6-m\libc.a(lib_a-fini.o)
 .debug_frame   0x0000120c       0xb0 c:/program files (x86)/atmel/studio/7.0/toolchain/arm/arm-gnu-toolchain/bin/../lib/gcc/arm-none-eabi/6.3.1/../../../../arm-none-eabi/lib/thumb/v6-m\libc.a(lib_a-lock.o)
 .debug_frame   0x000012bc       0x3c c:/program files (x86)/atmel/studio/7.0/toolchain/arm/arm-gnu-toolchain/bin/../lib/gcc/arm-none-eabi/6.3.1/../../../../arm-none-eabi/lib/thumb/v6-m\libc.a(lib_a-__atexit.o)
